// Jest Snapshot v1, https://goo.gl/fbAQLP

exports[`should render the nonfound component 1`] = `
<div>
  404!
  <Link
    to="/"
  >
    Go home
  </Link>
</div>
`;
